// Jest Snapshot v1, https://goo.gl/fbAQLP

exports[`TypewriterAnimatedText should render 1`] = `
<View>
  <Text />
</View>
`;
